Usando as configurações de inicialização de C:\Users\toled\Desktop\vetcao\VetClinic\Properties\launchSettings.json...
info: Microsoft.EntityFrameworkCore.Database.Command[20101]
      Executed DbCommand (39ms) [Parameters=[], CommandType='Text', CommandTimeout='30']
      SELECT COUNT(*) FROM "sqlite_master" WHERE "type" = 'table' AND "rootpage" IS NOT NULL;
info: Microsoft.EntityFrameworkCore.Database.Command[20101]
      Executed DbCommand (1ms) [Parameters=[], CommandType='Text', CommandTimeout='30']
      SELECT EXISTS (
          SELECT 1
          FROM "Veterinarios" AS "v")
info: Microsoft.Hosting.Lifetime[14]
      Now listening on: http://localhost:5000
info: Microsoft.Hosting.Lifetime[0]
      Application started. Press Ctrl+C to shut down.
info: Microsoft.Hosting.Lifetime[0]
      Hosting environment: Development
info: Microsoft.Hosting.Lifetime[0]
      Content root path: C:\Users\toled\Desktop\vetcao\VetClinic
info: Microsoft.EntityFrameworkCore.Database.Command[20101]
      Executed DbCommand (0ms) [Parameters=[], CommandType='Text', CommandTimeout='30']
      SELECT "v"."Id", "v"."CreatedAt", "v"."Crmv", "v"."Especialidade", "v"."Nome", "v"."RemovedAt"
      FROM "Veterinarios" AS "v"
      WHERE "v"."RemovedAt" IS NULL
      ORDER BY "v"."Nome"
info: Microsoft.EntityFrameworkCore.Database.Command[20101]
      Executed DbCommand (0ms) [Parameters=[], CommandType='Text', CommandTimeout='30']
      SELECT "v"."Id", "v"."CreatedAt", "v"."Crmv", "v"."Especialidade", "v"."Nome", "v"."RemovedAt"
      FROM "Veterinarios" AS "v"
      WHERE "v"."RemovedAt" IS NULL
      ORDER BY "v"."Nome"
info: Microsoft.EntityFrameworkCore.Database.Command[20101]
      Executed DbCommand (0ms) [Parameters=[], CommandType='Text', CommandTimeout='30']
      SELECT "v"."Id", "v"."CreatedAt", "v"."Crmv", "v"."Especialidade", "v"."Nome", "v"."RemovedAt"
      FROM "Veterinarios" AS "v"
      WHERE "v"."RemovedAt" IS NULL
      ORDER BY "v"."Nome"
info: Microsoft.EntityFrameworkCore.Database.Command[20101]
      Executed DbCommand (0ms) [Parameters=[], CommandType='Text', CommandTimeout='30']
      SELECT "v"."Id", "v"."CreatedAt", "v"."Crmv", "v"."Especialidade", "v"."Nome", "v"."RemovedAt"
      FROM "Veterinarios" AS "v"
      WHERE "v"."RemovedAt" IS NULL
      ORDER BY "v"."Nome"
info: Microsoft.EntityFrameworkCore.Database.Command[20101]
      Executed DbCommand (0ms) [Parameters=[], CommandType='Text', CommandTimeout='30']
      SELECT "v"."Id", "v"."CreatedAt", "v"."Crmv", "v"."Especialidade", "v"."Nome", "v"."RemovedAt"
      FROM "Veterinarios" AS "v"
      WHERE "v"."RemovedAt" IS NULL
      ORDER BY "v"."Nome"
info: Microsoft.EntityFrameworkCore.Database.Command[20101]
      Executed DbCommand (2ms) [Parameters=[], CommandType='Text', CommandTimeout='30']
      SELECT "v"."Id", "v"."CreatedAt", "v"."Crmv", "v"."Especialidade", "v"."Nome", "v"."RemovedAt"
      FROM "Veterinarios" AS "v"
      WHERE "v"."RemovedAt" IS NULL
      ORDER BY "v"."Nome"
info: Microsoft.EntityFrameworkCore.Database.Command[20101]
      Executed DbCommand (0ms) [Parameters=[], CommandType='Text', CommandTimeout='30']
      SELECT "v"."Id", "v"."CreatedAt", "v"."Crmv", "v"."Especialidade", "v"."Nome", "v"."RemovedAt"
      FROM "Veterinarios" AS "v"
      WHERE "v"."RemovedAt" IS NULL
      ORDER BY "v"."Nome"
info: Microsoft.EntityFrameworkCore.Database.Command[20101]
      Executed DbCommand (0ms) [Parameters=[], CommandType='Text', CommandTimeout='30']
      SELECT "d"."Id", "d"."CreatedAt", "d"."Email", "d"."Nome", "d"."RemovedAt", "d"."Telefone", "d"."Cpf"
      FROM "Donos" AS "d"
      WHERE "d"."RemovedAt" IS NULL
      ORDER BY "d"."Nome"
info: Microsoft.EntityFrameworkCore.Database.Command[20101]
      Executed DbCommand (4ms) [Parameters=[], CommandType='Text', CommandTimeout='30']
      SELECT "c"."Id", "c"."CreatedAt", "c"."DataHora", "c"."Motivo", "c"."PetId", "c"."RemovedAt", "c"."Status", "c"."VeterinarioId", "p"."Id", "p"."CreatedAt", "p"."DataNascimento", "p"."DonoId", "p"."Especie", "p"."Nome", "p"."Raca", "p"."RemovedAt", "v"."Id", "v"."CreatedAt", "v"."Crmv", "v"."Especialidade", "v"."Nome", "v"."RemovedAt"
      FROM "Consultas" AS "c"
      INNER JOIN "Pets" AS "p" ON "c"."PetId" = "p"."Id"
      INNER JOIN "Veterinarios" AS "v" ON "c"."VeterinarioId" = "v"."Id"
      ORDER BY "c"."DataHora"
info: Microsoft.EntityFrameworkCore.Database.Command[20101]
      Executed DbCommand (4ms) [Parameters=[], CommandType='Text', CommandTimeout='30']
      SELECT "p"."Id", "p"."CreatedAt", "p"."DataNascimento", "p"."DonoId", "p"."Especie", "p"."Nome", "p"."Raca", "p"."RemovedAt", "d"."Id", "d"."CreatedAt", "d"."Email", "d"."Nome", "d"."RemovedAt", "d"."Telefone", "d"."Cpf"
      FROM "Pets" AS "p"
      INNER JOIN "Donos" AS "d" ON "p"."DonoId" = "d"."Id"
      WHERE "p"."RemovedAt" IS NULL
      ORDER BY "p"."Nome"
info: Microsoft.EntityFrameworkCore.Database.Command[20101]
      Executed DbCommand (0ms) [Parameters=[], CommandType='Text', CommandTimeout='30']
      SELECT "c"."Id", "c"."CreatedAt", "c"."DataHora", "c"."Motivo", "c"."PetId", "c"."RemovedAt", "c"."Status", "c"."VeterinarioId", "p"."Id", "p"."CreatedAt", "p"."DataNascimento", "p"."DonoId", "p"."Especie", "p"."Nome", "p"."Raca", "p"."RemovedAt", "v"."Id", "v"."CreatedAt", "v"."Crmv", "v"."Especialidade", "v"."Nome", "v"."RemovedAt"
      FROM "Consultas" AS "c"
      INNER JOIN "Pets" AS "p" ON "c"."PetId" = "p"."Id"
      INNER JOIN "Veterinarios" AS "v" ON "c"."VeterinarioId" = "v"."Id"
      ORDER BY "c"."DataHora"
info: Microsoft.EntityFrameworkCore.Database.Command[20101]
      Executed DbCommand (0ms) [Parameters=[], CommandType='Text', CommandTimeout='30']
      SELECT "d"."Id", "d"."CreatedAt", "d"."Email", "d"."Nome", "d"."RemovedAt", "d"."Telefone", "d"."Cpf"
      FROM "Donos" AS "d"
      WHERE "d"."RemovedAt" IS NULL
      ORDER BY "d"."Nome"
info: Microsoft.EntityFrameworkCore.Database.Command[20101]
      Executed DbCommand (0ms) [Parameters=[], CommandType='Text', CommandTimeout='30']
      SELECT "p"."Id", "p"."CreatedAt", "p"."DataNascimento", "p"."DonoId", "p"."Especie", "p"."Nome", "p"."Raca", "p"."RemovedAt", "d"."Id", "d"."CreatedAt", "d"."Email", "d"."Nome", "d"."RemovedAt", "d"."Telefone", "d"."Cpf"
      FROM "Pets" AS "p"
      INNER JOIN "Donos" AS "d" ON "p"."DonoId" = "d"."Id"
      WHERE "p"."RemovedAt" IS NULL
      ORDER BY "p"."Nome"
info: Microsoft.EntityFrameworkCore.Database.Command[20101]
      Executed DbCommand (17ms) [Parameters=[@cpf='?' (Size = 11)], CommandType='Text', CommandTimeout='30']
      SELECT EXISTS (
          SELECT 1
          FROM "Donos" AS "d"
          WHERE "d"."Cpf" = @cpf AND "d"."RemovedAt" IS NULL)
info: Microsoft.EntityFrameworkCore.Database.Command[20101]
      Executed DbCommand (15ms) [Parameters=[@p0='?' (DbType = Guid), @p1='?' (DbType = DateTime), @p2='?' (Size = 23), @p3='?' (Size = 5), @p4='?' (DbType = DateTime), @p5='?' (Size = 11), @p6='?' (Size = 11)], CommandType='Text', CommandTimeout='30']
      INSERT INTO "Donos" ("Id", "CreatedAt", "Email", "Nome", "RemovedAt", "Telefone", "Cpf")
      VALUES (@p0, @p1, @p2, @p3, @p4, @p5, @p6);
info: Microsoft.EntityFrameworkCore.Database.Command[20101]
      Executed DbCommand (0ms) [Parameters=[], CommandType='Text', CommandTimeout='30']
      SELECT "d"."Id", "d"."CreatedAt", "d"."Email", "d"."Nome", "d"."RemovedAt", "d"."Telefone", "d"."Cpf"
      FROM "Donos" AS "d"
      WHERE "d"."RemovedAt" IS NULL
      ORDER BY "d"."Nome"
info: Microsoft.EntityFrameworkCore.Database.Command[20101]
      Executed DbCommand (0ms) [Parameters=[@id='?' (DbType = Guid)], CommandType='Text', CommandTimeout='30']
      SELECT "d"."Id", "d"."CreatedAt", "d"."Email", "d"."Nome", "d"."RemovedAt", "d"."Telefone", "d"."Cpf"
      FROM "Donos" AS "d"
      WHERE "d"."Id" = @id AND "d"."RemovedAt" IS NULL
      LIMIT 1
info: Microsoft.EntityFrameworkCore.Database.Command[20101]
      Executed DbCommand (4ms) [Parameters=[@p0='?' (DbType = Guid), @p1='?' (DbType = DateTime), @p2='?' (DbType = DateTime), @p3='?' (DbType = Guid), @p4='?' (Size = 8), @p5='?' (Size = 5), @p6='?' (Size = 8), @p7='?' (DbType = DateTime)], CommandType='Text', CommandTimeout='30']
      INSERT INTO "Pets" ("Id", "CreatedAt", "DataNascimento", "DonoId", "Especie", "Nome", "Raca", "RemovedAt")
      VALUES (@p0, @p1, @p2, @p3, @p4, @p5, @p6, @p7);
info: Microsoft.EntityFrameworkCore.Database.Command[20101]
      Executed DbCommand (1ms) [Parameters=[], CommandType='Text', CommandTimeout='30']
      SELECT "p"."Id", "p"."CreatedAt", "p"."DataNascimento", "p"."DonoId", "p"."Especie", "p"."Nome", "p"."Raca", "p"."RemovedAt", "d"."Id", "d"."CreatedAt", "d"."Email", "d"."Nome", "d"."RemovedAt", "d"."Telefone", "d"."Cpf"
      FROM "Pets" AS "p"
      INNER JOIN "Donos" AS "d" ON "p"."DonoId" = "d"."Id"
      WHERE "p"."RemovedAt" IS NULL
      ORDER BY "p"."Nome"
info: Microsoft.EntityFrameworkCore.Database.Command[20101]
      Executed DbCommand (1ms) [Parameters=[@id='?' (DbType = Guid)], CommandType='Text', CommandTimeout='30']
      SELECT "p"."Id", "p"."CreatedAt", "p"."DataNascimento", "p"."DonoId", "p"."Especie", "p"."Nome", "p"."Raca", "p"."RemovedAt", "d"."Id", "d"."CreatedAt", "d"."Email", "d"."Nome", "d"."RemovedAt", "d"."Telefone", "d"."Cpf"
      FROM "Pets" AS "p"
      INNER JOIN "Donos" AS "d" ON "p"."DonoId" = "d"."Id"
      WHERE "p"."Id" = @id AND "p"."RemovedAt" IS NULL
      LIMIT 1
info: Microsoft.EntityFrameworkCore.Database.Command[20101]
      Executed DbCommand (0ms) [Parameters=[@id='?' (DbType = Guid)], CommandType='Text', CommandTimeout='30']
      SELECT "v"."Id", "v"."CreatedAt", "v"."Crmv", "v"."Especialidade", "v"."Nome", "v"."RemovedAt"
      FROM "Veterinarios" AS "v"
      WHERE "v"."Id" = @id AND "v"."RemovedAt" IS NULL
      LIMIT 1
info: Microsoft.EntityFrameworkCore.Database.Command[20101]
      Executed DbCommand (0ms) [Parameters=[@veterinarioId='?' (DbType = Guid), @inicioJanela='?' (DbType = DateTime), @fimJanela='?' (DbType = DateTime)], CommandType='Text', CommandTimeout='30']
      SELECT EXISTS (
          SELECT 1
          FROM "Consultas" AS "c"
          WHERE "c"."VeterinarioId" = @veterinarioId AND "c"."Status" = 'Agendada' AND "c"."DataHora" > @inicioJanela AND "c"."DataHora" < @fimJanela)
info: Microsoft.EntityFrameworkCore.Database.Command[20101]
      Executed DbCommand (3ms) [Parameters=[@p0='?' (DbType = Guid), @p1='?' (DbType = DateTime), @p2='?' (DbType = DateTime), @p3='?' (Size = 13), @p4='?' (DbType = Guid), @p5='?' (DbType = DateTime), @p6='?' (Size = 8), @p7='?' (DbType = Guid)], CommandType='Text', CommandTimeout='30']
      INSERT INTO "Consultas" ("Id", "CreatedAt", "DataHora", "Motivo", "PetId", "RemovedAt", "Status", "VeterinarioId")
      VALUES (@p0, @p1, @p2, @p3, @p4, @p5, @p6, @p7);
info: Microsoft.EntityFrameworkCore.Database.Command[20101]
      Executed DbCommand (0ms) [Parameters=[], CommandType='Text', CommandTimeout='30']
      SELECT "c"."Id", "c"."CreatedAt", "c"."DataHora", "c"."Motivo", "c"."PetId", "c"."RemovedAt", "c"."Status", "c"."VeterinarioId", "p"."Id", "p"."CreatedAt", "p"."DataNascimento", "p"."DonoId", "p"."Especie", "p"."Nome", "p"."Raca", "p"."RemovedAt", "v"."Id", "v"."CreatedAt", "v"."Crmv", "v"."Especialidade", "v"."Nome", "v"."RemovedAt"
      FROM "Consultas" AS "c"
      INNER JOIN "Pets" AS "p" ON "c"."PetId" = "p"."Id"
      INNER JOIN "Veterinarios" AS "v" ON "c"."VeterinarioId" = "v"."Id"
      ORDER BY "c"."DataHora"
info: Microsoft.EntityFrameworkCore.Database.Command[20101]
      Executed DbCommand (0ms) [Parameters=[@id='?' (DbType = Guid)], CommandType='Text', CommandTimeout='30']
      SELECT "p"."Id", "p"."CreatedAt", "p"."DataNascimento", "p"."DonoId", "p"."Especie", "p"."Nome", "p"."Raca", "p"."RemovedAt", "d"."Id", "d"."CreatedAt", "d"."Email", "d"."Nome", "d"."RemovedAt", "d"."Telefone", "d"."Cpf"
      FROM "Pets" AS "p"
      INNER JOIN "Donos" AS "d" ON "p"."DonoId" = "d"."Id"
      WHERE "p"."Id" = @id AND "p"."RemovedAt" IS NULL
      LIMIT 1
info: Microsoft.EntityFrameworkCore.Database.Command[20101]
      Executed DbCommand (0ms) [Parameters=[@id='?' (DbType = Guid)], CommandType='Text', CommandTimeout='30']
      SELECT "v"."Id", "v"."CreatedAt", "v"."Crmv", "v"."Especialidade", "v"."Nome", "v"."RemovedAt"
      FROM "Veterinarios" AS "v"
      WHERE "v"."Id" = @id AND "v"."RemovedAt" IS NULL
      LIMIT 1
info: Microsoft.EntityFrameworkCore.Database.Command[20101]
      Executed DbCommand (0ms) [Parameters=[@veterinarioId='?' (DbType = Guid), @inicioJanela='?' (DbType = DateTime), @fimJanela='?' (DbType = DateTime)], CommandType='Text', CommandTimeout='30']
      SELECT EXISTS (
          SELECT 1
          FROM "Consultas" AS "c"
          WHERE "c"."VeterinarioId" = @veterinarioId AND "c"."Status" = 'Agendada' AND "c"."DataHora" > @inicioJanela AND "c"."DataHora" < @fimJanela)
info: Microsoft.EntityFrameworkCore.Database.Command[20101]
      Executed DbCommand (0ms) [Parameters=[@id='?' (DbType = Guid)], CommandType='Text', CommandTimeout='30']
      SELECT "p"."Id", "p"."CreatedAt", "p"."DataNascimento", "p"."DonoId", "p"."Especie", "p"."Nome", "p"."Raca", "p"."RemovedAt", "d"."Id", "d"."CreatedAt", "d"."Email", "d"."Nome", "d"."RemovedAt", "d"."Telefone", "d"."Cpf"
      FROM "Pets" AS "p"
      INNER JOIN "Donos" AS "d" ON "p"."DonoId" = "d"."Id"
      WHERE "p"."Id" = @id AND "p"."RemovedAt" IS NULL
      LIMIT 1
info: Microsoft.EntityFrameworkCore.Database.Command[20101]
      Executed DbCommand (0ms) [Parameters=[@id='?' (DbType = Guid)], CommandType='Text', CommandTimeout='30']
      SELECT "v"."Id", "v"."CreatedAt", "v"."Crmv", "v"."Especialidade", "v"."Nome", "v"."RemovedAt"
      FROM "Veterinarios" AS "v"
      WHERE "v"."Id" = @id AND "v"."RemovedAt" IS NULL
      LIMIT 1
info: Microsoft.EntityFrameworkCore.Database.Command[20101]
      Executed DbCommand (0ms) [Parameters=[@veterinarioId='?' (DbType = Guid), @inicioJanela='?' (DbType = DateTime), @fimJanela='?' (DbType = DateTime)], CommandType='Text', CommandTimeout='30']
      SELECT EXISTS (
          SELECT 1
          FROM "Consultas" AS "c"
          WHERE "c"."VeterinarioId" = @veterinarioId AND "c"."Status" = 'Agendada' AND "c"."DataHora" > @inicioJanela AND "c"."DataHora" < @fimJanela)
info: Microsoft.EntityFrameworkCore.Database.Command[20101]
      Executed DbCommand (0ms) [Parameters=[@id='?' (DbType = Guid)], CommandType='Text', CommandTimeout='30']
      SELECT "p"."Id", "p"."CreatedAt", "p"."DataNascimento", "p"."DonoId", "p"."Especie", "p"."Nome", "p"."Raca", "p"."RemovedAt", "d"."Id", "d"."CreatedAt", "d"."Email", "d"."Nome", "d"."RemovedAt", "d"."Telefone", "d"."Cpf"
      FROM "Pets" AS "p"
      INNER JOIN "Donos" AS "d" ON "p"."DonoId" = "d"."Id"
      WHERE "p"."Id" = @id AND "p"."RemovedAt" IS NULL
      LIMIT 1
info: Microsoft.EntityFrameworkCore.Database.Command[20101]
      Executed DbCommand (0ms) [Parameters=[@id='?' (DbType = Guid)], CommandType='Text', CommandTimeout='30']
      SELECT "v"."Id", "v"."CreatedAt", "v"."Crmv", "v"."Especialidade", "v"."Nome", "v"."RemovedAt"
      FROM "Veterinarios" AS "v"
      WHERE "v"."Id" = @id AND "v"."RemovedAt" IS NULL
      LIMIT 1
info: Microsoft.EntityFrameworkCore.Database.Command[20101]
      Executed DbCommand (0ms) [Parameters=[@veterinarioId='?' (DbType = Guid), @inicioJanela='?' (DbType = DateTime), @fimJanela='?' (DbType = DateTime)], CommandType='Text', CommandTimeout='30']
      SELECT EXISTS (
          SELECT 1
          FROM "Consultas" AS "c"
          WHERE "c"."VeterinarioId" = @veterinarioId AND "c"."Status" = 'Agendada' AND "c"."DataHora" > @inicioJanela AND "c"."DataHora" < @fimJanela)
info: Microsoft.EntityFrameworkCore.Database.Command[20101]
      Executed DbCommand (0ms) [Parameters=[@id='?' (DbType = Guid)], CommandType='Text', CommandTimeout='30']
      SELECT "p"."Id", "p"."CreatedAt", "p"."DataNascimento", "p"."DonoId", "p"."Especie", "p"."Nome", "p"."Raca", "p"."RemovedAt", "d"."Id", "d"."CreatedAt", "d"."Email", "d"."Nome", "d"."RemovedAt", "d"."Telefone", "d"."Cpf"
      FROM "Pets" AS "p"
      INNER JOIN "Donos" AS "d" ON "p"."DonoId" = "d"."Id"
      WHERE "p"."Id" = @id AND "p"."RemovedAt" IS NULL
      LIMIT 1
info: Microsoft.EntityFrameworkCore.Database.Command[20101]
      Executed DbCommand (0ms) [Parameters=[@id='?' (DbType = Guid)], CommandType='Text', CommandTimeout='30']
      SELECT "v"."Id", "v"."CreatedAt", "v"."Crmv", "v"."Especialidade", "v"."Nome", "v"."RemovedAt"
      FROM "Veterinarios" AS "v"
      WHERE "v"."Id" = @id AND "v"."RemovedAt" IS NULL
      LIMIT 1
info: Microsoft.EntityFrameworkCore.Database.Command[20101]
      Executed DbCommand (0ms) [Parameters=[@veterinarioId='?' (DbType = Guid), @inicioJanela='?' (DbType = DateTime), @fimJanela='?' (DbType = DateTime)], CommandType='Text', CommandTimeout='30']
      SELECT EXISTS (
          SELECT 1
          FROM "Consultas" AS "c"
          WHERE "c"."VeterinarioId" = @veterinarioId AND "c"."Status" = 'Agendada' AND "c"."DataHora" > @inicioJanela AND "c"."DataHora" < @fimJanela)
info: Microsoft.EntityFrameworkCore.Database.Command[20101]
      Executed DbCommand (0ms) [Parameters=[@id='?' (DbType = Guid)], CommandType='Text', CommandTimeout='30']
      SELECT "p"."Id", "p"."CreatedAt", "p"."DataNascimento", "p"."DonoId", "p"."Especie", "p"."Nome", "p"."Raca", "p"."RemovedAt", "d"."Id", "d"."CreatedAt", "d"."Email", "d"."Nome", "d"."RemovedAt", "d"."Telefone", "d"."Cpf"
      FROM "Pets" AS "p"
      INNER JOIN "Donos" AS "d" ON "p"."DonoId" = "d"."Id"
      WHERE "p"."Id" = @id AND "p"."RemovedAt" IS NULL
      LIMIT 1
info: Microsoft.EntityFrameworkCore.Database.Command[20101]
      Executed DbCommand (0ms) [Parameters=[@id='?' (DbType = Guid)], CommandType='Text', CommandTimeout='30']
      SELECT "v"."Id", "v"."CreatedAt", "v"."Crmv", "v"."Especialidade", "v"."Nome", "v"."RemovedAt"
      FROM "Veterinarios" AS "v"
      WHERE "v"."Id" = @id AND "v"."RemovedAt" IS NULL
      LIMIT 1
info: Microsoft.EntityFrameworkCore.Database.Command[20101]
      Executed DbCommand (0ms) [Parameters=[@veterinarioId='?' (DbType = Guid), @inicioJanela='?' (DbType = DateTime), @fimJanela='?' (DbType = DateTime)], CommandType='Text', CommandTimeout='30']
      SELECT EXISTS (
          SELECT 1
          FROM "Consultas" AS "c"
          WHERE "c"."VeterinarioId" = @veterinarioId AND "c"."Status" = 'Agendada' AND "c"."DataHora" > @inicioJanela AND "c"."DataHora" < @fimJanela)
info: Microsoft.EntityFrameworkCore.Database.Command[20101]
      Executed DbCommand (0ms) [Parameters=[@id='?' (DbType = Guid)], CommandType='Text', CommandTimeout='30']
      SELECT "p"."Id", "p"."CreatedAt", "p"."DataNascimento", "p"."DonoId", "p"."Especie", "p"."Nome", "p"."Raca", "p"."RemovedAt", "d"."Id", "d"."CreatedAt", "d"."Email", "d"."Nome", "d"."RemovedAt", "d"."Telefone", "d"."Cpf"
      FROM "Pets" AS "p"
      INNER JOIN "Donos" AS "d" ON "p"."DonoId" = "d"."Id"
      WHERE "p"."Id" = @id AND "p"."RemovedAt" IS NULL
      LIMIT 1
info: Microsoft.EntityFrameworkCore.Database.Command[20101]
      Executed DbCommand (0ms) [Parameters=[@id='?' (DbType = Guid)], CommandType='Text', CommandTimeout='30']
      SELECT "v"."Id", "v"."CreatedAt", "v"."Crmv", "v"."Especialidade", "v"."Nome", "v"."RemovedAt"
      FROM "Veterinarios" AS "v"
      WHERE "v"."Id" = @id AND "v"."RemovedAt" IS NULL
      LIMIT 1
info: Microsoft.EntityFrameworkCore.Database.Command[20101]
      Executed DbCommand (0ms) [Parameters=[@veterinarioId='?' (DbType = Guid), @inicioJanela='?' (DbType = DateTime), @fimJanela='?' (DbType = DateTime)], CommandType='Text', CommandTimeout='30']
      SELECT EXISTS (
          SELECT 1
          FROM "Consultas" AS "c"
          WHERE "c"."VeterinarioId" = @veterinarioId AND "c"."Status" = 'Agendada' AND "c"."DataHora" > @inicioJanela AND "c"."DataHora" < @fimJanela)
info: Microsoft.EntityFrameworkCore.Database.Command[20101]
      Executed DbCommand (0ms) [Parameters=[@id='?' (DbType = Guid)], CommandType='Text', CommandTimeout='30']
      SELECT "p"."Id", "p"."CreatedAt", "p"."DataNascimento", "p"."DonoId", "p"."Especie", "p"."Nome", "p"."Raca", "p"."RemovedAt", "d"."Id", "d"."CreatedAt", "d"."Email", "d"."Nome", "d"."RemovedAt", "d"."Telefone", "d"."Cpf"
      FROM "Pets" AS "p"
      INNER JOIN "Donos" AS "d" ON "p"."DonoId" = "d"."Id"
      WHERE "p"."Id" = @id AND "p"."RemovedAt" IS NULL
      LIMIT 1
info: Microsoft.EntityFrameworkCore.Database.Command[20101]
      Executed DbCommand (0ms) [Parameters=[@id='?' (DbType = Guid)], CommandType='Text', CommandTimeout='30']
      SELECT "v"."Id", "v"."CreatedAt", "v"."Crmv", "v"."Especialidade", "v"."Nome", "v"."RemovedAt"
      FROM "Veterinarios" AS "v"
      WHERE "v"."Id" = @id AND "v"."RemovedAt" IS NULL
      LIMIT 1
info: Microsoft.EntityFrameworkCore.Database.Command[20101]
      Executed DbCommand (0ms) [Parameters=[@veterinarioId='?' (DbType = Guid), @inicioJanela='?' (DbType = DateTime), @fimJanela='?' (DbType = DateTime)], CommandType='Text', CommandTimeout='30']
      SELECT EXISTS (
          SELECT 1
          FROM "Consultas" AS "c"
          WHERE "c"."VeterinarioId" = @veterinarioId AND "c"."Status" = 'Agendada' AND "c"."DataHora" > @inicioJanela AND "c"."DataHora" < @fimJanela)
info: Microsoft.EntityFrameworkCore.Database.Command[20101]
      Executed DbCommand (0ms) [Parameters=[@id='?' (DbType = Guid)], CommandType='Text', CommandTimeout='30']
      SELECT "p"."Id", "p"."CreatedAt", "p"."DataNascimento", "p"."DonoId", "p"."Especie", "p"."Nome", "p"."Raca", "p"."RemovedAt", "d"."Id", "d"."CreatedAt", "d"."Email", "d"."Nome", "d"."RemovedAt", "d"."Telefone", "d"."Cpf"
      FROM "Pets" AS "p"
      INNER JOIN "Donos" AS "d" ON "p"."DonoId" = "d"."Id"
      WHERE "p"."Id" = @id AND "p"."RemovedAt" IS NULL
      LIMIT 1
info: Microsoft.EntityFrameworkCore.Database.Command[20101]
      Executed DbCommand (0ms) [Parameters=[@id='?' (DbType = Guid)], CommandType='Text', CommandTimeout='30']
      SELECT "v"."Id", "v"."CreatedAt", "v"."Crmv", "v"."Especialidade", "v"."Nome", "v"."RemovedAt"
      FROM "Veterinarios" AS "v"
      WHERE "v"."Id" = @id AND "v"."RemovedAt" IS NULL
      LIMIT 1
info: Microsoft.EntityFrameworkCore.Database.Command[20101]
      Executed DbCommand (0ms) [Parameters=[@veterinarioId='?' (DbType = Guid), @inicioJanela='?' (DbType = DateTime), @fimJanela='?' (DbType = DateTime)], CommandType='Text', CommandTimeout='30']
      SELECT EXISTS (
          SELECT 1
          FROM "Consultas" AS "c"
          WHERE "c"."VeterinarioId" = @veterinarioId AND "c"."Status" = 'Agendada' AND "c"."DataHora" > @inicioJanela AND "c"."DataHora" < @fimJanela)
info: Microsoft.EntityFrameworkCore.Database.Command[20101]
      Executed DbCommand (0ms) [Parameters=[@id='?' (DbType = Guid)], CommandType='Text', CommandTimeout='30']
      SELECT "p"."Id", "p"."CreatedAt", "p"."DataNascimento", "p"."DonoId", "p"."Especie", "p"."Nome", "p"."Raca", "p"."RemovedAt", "d"."Id", "d"."CreatedAt", "d"."Email", "d"."Nome", "d"."RemovedAt", "d"."Telefone", "d"."Cpf"
      FROM "Pets" AS "p"
      INNER JOIN "Donos" AS "d" ON "p"."DonoId" = "d"."Id"
      WHERE "p"."Id" = @id AND "p"."RemovedAt" IS NULL
      LIMIT 1
info: Microsoft.EntityFrameworkCore.Database.Command[20101]
      Executed DbCommand (0ms) [Parameters=[@id='?' (DbType = Guid)], CommandType='Text', CommandTimeout='30']
      SELECT "v"."Id", "v"."CreatedAt", "v"."Crmv", "v"."Especialidade", "v"."Nome", "v"."RemovedAt"
      FROM "Veterinarios" AS "v"
      WHERE "v"."Id" = @id AND "v"."RemovedAt" IS NULL
      LIMIT 1
info: Microsoft.EntityFrameworkCore.Database.Command[20101]
      Executed DbCommand (0ms) [Parameters=[@veterinarioId='?' (DbType = Guid), @inicioJanela='?' (DbType = DateTime), @fimJanela='?' (DbType = DateTime)], CommandType='Text', CommandTimeout='30']
      SELECT EXISTS (
          SELECT 1
          FROM "Consultas" AS "c"
          WHERE "c"."VeterinarioId" = @veterinarioId AND "c"."Status" = 'Agendada' AND "c"."DataHora" > @inicioJanela AND "c"."DataHora" < @fimJanela)
info: Microsoft.EntityFrameworkCore.Database.Command[20101]
      Executed DbCommand (0ms) [Parameters=[@id='?' (DbType = Guid)], CommandType='Text', CommandTimeout='30']
      SELECT "p"."Id", "p"."CreatedAt", "p"."DataNascimento", "p"."DonoId", "p"."Especie", "p"."Nome", "p"."Raca", "p"."RemovedAt", "d"."Id", "d"."CreatedAt", "d"."Email", "d"."Nome", "d"."RemovedAt", "d"."Telefone", "d"."Cpf"
      FROM "Pets" AS "p"
      INNER JOIN "Donos" AS "d" ON "p"."DonoId" = "d"."Id"
      WHERE "p"."Id" = @id AND "p"."RemovedAt" IS NULL
      LIMIT 1
info: Microsoft.EntityFrameworkCore.Database.Command[20101]
      Executed DbCommand (0ms) [Parameters=[@id='?' (DbType = Guid)], CommandType='Text', CommandTimeout='30']
      SELECT "v"."Id", "v"."CreatedAt", "v"."Crmv", "v"."Especialidade", "v"."Nome", "v"."RemovedAt"
      FROM "Veterinarios" AS "v"
      WHERE "v"."Id" = @id AND "v"."RemovedAt" IS NULL
      LIMIT 1
info: Microsoft.EntityFrameworkCore.Database.Command[20101]
      Executed DbCommand (0ms) [Parameters=[@veterinarioId='?' (DbType = Guid), @inicioJanela='?' (DbType = DateTime), @fimJanela='?' (DbType = DateTime)], CommandType='Text', CommandTimeout='30']
      SELECT EXISTS (
          SELECT 1
          FROM "Consultas" AS "c"
          WHERE "c"."VeterinarioId" = @veterinarioId AND "c"."Status" = 'Agendada' AND "c"."DataHora" > @inicioJanela AND "c"."DataHora" < @fimJanela)
info: Microsoft.EntityFrameworkCore.Database.Command[20101]
      Executed DbCommand (0ms) [Parameters=[@id='?' (DbType = Guid)], CommandType='Text', CommandTimeout='30']
      SELECT "p"."Id", "p"."CreatedAt", "p"."DataNascimento", "p"."DonoId", "p"."Especie", "p"."Nome", "p"."Raca", "p"."RemovedAt", "d"."Id", "d"."CreatedAt", "d"."Email", "d"."Nome", "d"."RemovedAt", "d"."Telefone", "d"."Cpf"
      FROM "Pets" AS "p"
      INNER JOIN "Donos" AS "d" ON "p"."DonoId" = "d"."Id"
      WHERE "p"."Id" = @id AND "p"."RemovedAt" IS NULL
      LIMIT 1
info: Microsoft.EntityFrameworkCore.Database.Command[20101]
      Executed DbCommand (0ms) [Parameters=[@id='?' (DbType = Guid)], CommandType='Text', CommandTimeout='30']
      SELECT "v"."Id", "v"."CreatedAt", "v"."Crmv", "v"."Especialidade", "v"."Nome", "v"."RemovedAt"
      FROM "Veterinarios" AS "v"
      WHERE "v"."Id" = @id AND "v"."RemovedAt" IS NULL
      LIMIT 1
info: Microsoft.EntityFrameworkCore.Database.Command[20101]
      Executed DbCommand (0ms) [Parameters=[@veterinarioId='?' (DbType = Guid), @inicioJanela='?' (DbType = DateTime), @fimJanela='?' (DbType = DateTime)], CommandType='Text', CommandTimeout='30']
      SELECT EXISTS (
          SELECT 1
          FROM "Consultas" AS "c"
          WHERE "c"."VeterinarioId" = @veterinarioId AND "c"."Status" = 'Agendada' AND "c"."DataHora" > @inicioJanela AND "c"."DataHora" < @fimJanela)
info: Microsoft.EntityFrameworkCore.Database.Command[20101]
      Executed DbCommand (0ms) [Parameters=[@id='?' (DbType = Guid)], CommandType='Text', CommandTimeout='30']
      SELECT "p"."Id", "p"."CreatedAt", "p"."DataNascimento", "p"."DonoId", "p"."Especie", "p"."Nome", "p"."Raca", "p"."RemovedAt", "d"."Id", "d"."CreatedAt", "d"."Email", "d"."Nome", "d"."RemovedAt", "d"."Telefone", "d"."Cpf"
      FROM "Pets" AS "p"
      INNER JOIN "Donos" AS "d" ON "p"."DonoId" = "d"."Id"
      WHERE "p"."Id" = @id AND "p"."RemovedAt" IS NULL
      LIMIT 1
info: Microsoft.EntityFrameworkCore.Database.Command[20101]
      Executed DbCommand (0ms) [Parameters=[@id='?' (DbType = Guid)], CommandType='Text', CommandTimeout='30']
      SELECT "v"."Id", "v"."CreatedAt", "v"."Crmv", "v"."Especialidade", "v"."Nome", "v"."RemovedAt"
      FROM "Veterinarios" AS "v"
      WHERE "v"."Id" = @id AND "v"."RemovedAt" IS NULL
      LIMIT 1
info: Microsoft.EntityFrameworkCore.Database.Command[20101]
      Executed DbCommand (0ms) [Parameters=[@veterinarioId='?' (DbType = Guid), @inicioJanela='?' (DbType = DateTime), @fimJanela='?' (DbType = DateTime)], CommandType='Text', CommandTimeout='30']
      SELECT EXISTS (
          SELECT 1
          FROM "Consultas" AS "c"
          WHERE "c"."VeterinarioId" = @veterinarioId AND "c"."Status" = 'Agendada' AND "c"."DataHora" > @inicioJanela AND "c"."DataHora" < @fimJanela)
info: Microsoft.EntityFrameworkCore.Database.Command[20101]
      Executed DbCommand (0ms) [Parameters=[@id='?' (DbType = Guid)], CommandType='Text', CommandTimeout='30']
      SELECT "p"."Id", "p"."CreatedAt", "p"."DataNascimento", "p"."DonoId", "p"."Especie", "p"."Nome", "p"."Raca", "p"."RemovedAt", "d"."Id", "d"."CreatedAt", "d"."Email", "d"."Nome", "d"."RemovedAt", "d"."Telefone", "d"."Cpf"
      FROM "Pets" AS "p"
      INNER JOIN "Donos" AS "d" ON "p"."DonoId" = "d"."Id"
      WHERE "p"."Id" = @id AND "p"."RemovedAt" IS NULL
      LIMIT 1
info: Microsoft.EntityFrameworkCore.Database.Command[20101]
      Executed DbCommand (0ms) [Parameters=[@id='?' (DbType = Guid)], CommandType='Text', CommandTimeout='30']
      SELECT "v"."Id", "v"."CreatedAt", "v"."Crmv", "v"."Especialidade", "v"."Nome", "v"."RemovedAt"
      FROM "Veterinarios" AS "v"
      WHERE "v"."Id" = @id AND "v"."RemovedAt" IS NULL
      LIMIT 1
info: Microsoft.EntityFrameworkCore.Database.Command[20101]
      Executed DbCommand (0ms) [Parameters=[@veterinarioId='?' (DbType = Guid), @inicioJanela='?' (DbType = DateTime), @fimJanela='?' (DbType = DateTime)], CommandType='Text', CommandTimeout='30']
      SELECT EXISTS (
          SELECT 1
          FROM "Consultas" AS "c"
          WHERE "c"."VeterinarioId" = @veterinarioId AND "c"."Status" = 'Agendada' AND "c"."DataHora" > @inicioJanela AND "c"."DataHora" < @fimJanela)
info: Microsoft.EntityFrameworkCore.Database.Command[20101]
      Executed DbCommand (0ms) [Parameters=[@id='?' (DbType = Guid)], CommandType='Text', CommandTimeout='30']
      SELECT "p"."Id", "p"."CreatedAt", "p"."DataNascimento", "p"."DonoId", "p"."Especie", "p"."Nome", "p"."Raca", "p"."RemovedAt", "d"."Id", "d"."CreatedAt", "d"."Email", "d"."Nome", "d"."RemovedAt", "d"."Telefone", "d"."Cpf"
      FROM "Pets" AS "p"
      INNER JOIN "Donos" AS "d" ON "p"."DonoId" = "d"."Id"
      WHERE "p"."Id" = @id AND "p"."RemovedAt" IS NULL
      LIMIT 1
info: Microsoft.EntityFrameworkCore.Database.Command[20101]
      Executed DbCommand (0ms) [Parameters=[@id='?' (DbType = Guid)], CommandType='Text', CommandTimeout='30']
      SELECT "v"."Id", "v"."CreatedAt", "v"."Crmv", "v"."Especialidade", "v"."Nome", "v"."RemovedAt"
      FROM "Veterinarios" AS "v"
      WHERE "v"."Id" = @id AND "v"."RemovedAt" IS NULL
      LIMIT 1
info: Microsoft.EntityFrameworkCore.Database.Command[20101]
      Executed DbCommand (1ms) [Parameters=[@veterinarioId='?' (DbType = Guid), @inicioJanela='?' (DbType = DateTime), @fimJanela='?' (DbType = DateTime)], CommandType='Text', CommandTimeout='30']
      SELECT EXISTS (
          SELECT 1
          FROM "Consultas" AS "c"
          WHERE "c"."VeterinarioId" = @veterinarioId AND "c"."Status" = 'Agendada' AND "c"."DataHora" > @inicioJanela AND "c"."DataHora" < @fimJanela)
info: Microsoft.EntityFrameworkCore.Database.Command[20101]
      Executed DbCommand (0ms) [Parameters=[@id='?' (DbType = Guid)], CommandType='Text', CommandTimeout='30']
      SELECT "p"."Id", "p"."CreatedAt", "p"."DataNascimento", "p"."DonoId", "p"."Especie", "p"."Nome", "p"."Raca", "p"."RemovedAt", "d"."Id", "d"."CreatedAt", "d"."Email", "d"."Nome", "d"."RemovedAt", "d"."Telefone", "d"."Cpf"
      FROM "Pets" AS "p"
      INNER JOIN "Donos" AS "d" ON "p"."DonoId" = "d"."Id"
      WHERE "p"."Id" = @id AND "p"."RemovedAt" IS NULL
      LIMIT 1
info: Microsoft.EntityFrameworkCore.Database.Command[20101]
      Executed DbCommand (0ms) [Parameters=[@id='?' (DbType = Guid)], CommandType='Text', CommandTimeout='30']
      SELECT "v"."Id", "v"."CreatedAt", "v"."Crmv", "v"."Especialidade", "v"."Nome", "v"."RemovedAt"
      FROM "Veterinarios" AS "v"
      WHERE "v"."Id" = @id AND "v"."RemovedAt" IS NULL
      LIMIT 1
info: Microsoft.EntityFrameworkCore.Database.Command[20101]
      Executed DbCommand (0ms) [Parameters=[@veterinarioId='?' (DbType = Guid), @inicioJanela='?' (DbType = DateTime), @fimJanela='?' (DbType = DateTime)], CommandType='Text', CommandTimeout='30']
      SELECT EXISTS (
          SELECT 1
          FROM "Consultas" AS "c"
          WHERE "c"."VeterinarioId" = @veterinarioId AND "c"."Status" = 'Agendada' AND "c"."DataHora" > @inicioJanela AND "c"."DataHora" < @fimJanela)
info: Microsoft.EntityFrameworkCore.Database.Command[20101]
      Executed DbCommand (14ms) [Parameters=[], CommandType='Text', CommandTimeout='30']
      SELECT "c"."Id", "c"."CreatedAt", "c"."DataHora", "c"."Motivo", "c"."PetId", "c"."RemovedAt", "c"."Status", "c"."VeterinarioId", "p"."Id", "p"."CreatedAt", "p"."DataNascimento", "p"."DonoId", "p"."Especie", "p"."Nome", "p"."Raca", "p"."RemovedAt", "v"."Id", "v"."CreatedAt", "v"."Crmv", "v"."Especialidade", "v"."Nome", "v"."RemovedAt"
      FROM "Consultas" AS "c"
      INNER JOIN "Pets" AS "p" ON "c"."PetId" = "p"."Id"
      INNER JOIN "Veterinarios" AS "v" ON "c"."VeterinarioId" = "v"."Id"
      ORDER BY "c"."DataHora"
info: Microsoft.EntityFrameworkCore.Database.Command[20101]
      Executed DbCommand (13ms) [Parameters=[], CommandType='Text', CommandTimeout='30']
      SELECT "p"."Id", "p"."CreatedAt", "p"."DataNascimento", "p"."DonoId", "p"."Especie", "p"."Nome", "p"."Raca", "p"."RemovedAt", "d"."Id", "d"."CreatedAt", "d"."Email", "d"."Nome", "d"."RemovedAt", "d"."Telefone", "d"."Cpf"
      FROM "Pets" AS "p"
      INNER JOIN "Donos" AS "d" ON "p"."DonoId" = "d"."Id"
      WHERE "p"."RemovedAt" IS NULL
      ORDER BY "p"."Nome"
info: Microsoft.EntityFrameworkCore.Database.Command[20101]
      Executed DbCommand (13ms) [Parameters=[], CommandType='Text', CommandTimeout='30']
      SELECT "d"."Id", "d"."CreatedAt", "d"."Email", "d"."Nome", "d"."RemovedAt", "d"."Telefone", "d"."Cpf"
      FROM "Donos" AS "d"
      WHERE "d"."RemovedAt" IS NULL
      ORDER BY "d"."Nome"
info: Microsoft.EntityFrameworkCore.Database.Command[20101]
      Executed DbCommand (8ms) [Parameters=[], CommandType='Text', CommandTimeout='30']
      SELECT "v"."Id", "v"."CreatedAt", "v"."Crmv", "v"."Especialidade", "v"."Nome", "v"."RemovedAt"
      FROM "Veterinarios" AS "v"
      WHERE "v"."RemovedAt" IS NULL
      ORDER BY "v"."Nome"
info: Microsoft.EntityFrameworkCore.Database.Command[20101]
      Executed DbCommand (0ms) [Parameters=[], CommandType='Text', CommandTimeout='30']
      SELECT "p"."Id", "p"."CreatedAt", "p"."DataNascimento", "p"."DonoId", "p"."Especie", "p"."Nome", "p"."Raca", "p"."RemovedAt", "d"."Id", "d"."CreatedAt", "d"."Email", "d"."Nome", "d"."RemovedAt", "d"."Telefone", "d"."Cpf"
      FROM "Pets" AS "p"
      INNER JOIN "Donos" AS "d" ON "p"."DonoId" = "d"."Id"
      WHERE "p"."RemovedAt" IS NULL
      ORDER BY "p"."Nome"
info: Microsoft.EntityFrameworkCore.Database.Command[20101]
      Executed DbCommand (0ms) [Parameters=[], CommandType='Text', CommandTimeout='30']
      SELECT "d"."Id", "d"."CreatedAt", "d"."Email", "d"."Nome", "d"."RemovedAt", "d"."Telefone", "d"."Cpf"
      FROM "Donos" AS "d"
      WHERE "d"."RemovedAt" IS NULL
      ORDER BY "d"."Nome"
info: Microsoft.EntityFrameworkCore.Database.Command[20101]
      Executed DbCommand (1ms) [Parameters=[], CommandType='Text', CommandTimeout='30']
      SELECT "c"."Id", "c"."CreatedAt", "c"."DataHora", "c"."Motivo", "c"."PetId", "c"."RemovedAt", "c"."Status", "c"."VeterinarioId", "p"."Id", "p"."CreatedAt", "p"."DataNascimento", "p"."DonoId", "p"."Especie", "p"."Nome", "p"."Raca", "p"."RemovedAt", "v"."Id", "v"."CreatedAt", "v"."Crmv", "v"."Especialidade", "v"."Nome", "v"."RemovedAt"
      FROM "Consultas" AS "c"
      INNER JOIN "Pets" AS "p" ON "c"."PetId" = "p"."Id"
      INNER JOIN "Veterinarios" AS "v" ON "c"."VeterinarioId" = "v"."Id"
      ORDER BY "c"."DataHora"
info: Microsoft.EntityFrameworkCore.Database.Command[20101]
      Executed DbCommand (0ms) [Parameters=[], CommandType='Text', CommandTimeout='30']
      SELECT "v"."Id", "v"."CreatedAt", "v"."Crmv", "v"."Especialidade", "v"."Nome", "v"."RemovedAt"
      FROM "Veterinarios" AS "v"
      WHERE "v"."RemovedAt" IS NULL
      ORDER BY "v"."Nome"
info: Microsoft.EntityFrameworkCore.Database.Command[20101]
      Executed DbCommand (0ms) [Parameters=[], CommandType='Text', CommandTimeout='30']
      SELECT "d"."Id", "d"."CreatedAt", "d"."Email", "d"."Nome", "d"."RemovedAt", "d"."Telefone", "d"."Cpf"
      FROM "Donos" AS "d"
      WHERE "d"."RemovedAt" IS NULL
      ORDER BY "d"."Nome"
info: Microsoft.EntityFrameworkCore.Database.Command[20101]
      Executed DbCommand (1ms) [Parameters=[], CommandType='Text', CommandTimeout='30']
      SELECT "c"."Id", "c"."CreatedAt", "c"."DataHora", "c"."Motivo", "c"."PetId", "c"."RemovedAt", "c"."Status", "c"."VeterinarioId", "p"."Id", "p"."CreatedAt", "p"."DataNascimento", "p"."DonoId", "p"."Especie", "p"."Nome", "p"."Raca", "p"."RemovedAt", "v"."Id", "v"."CreatedAt", "v"."Crmv", "v"."Especialidade", "v"."Nome", "v"."RemovedAt"
      FROM "Consultas" AS "c"
      INNER JOIN "Pets" AS "p" ON "c"."PetId" = "p"."Id"
      INNER JOIN "Veterinarios" AS "v" ON "c"."VeterinarioId" = "v"."Id"
      ORDER BY "c"."DataHora"
info: Microsoft.EntityFrameworkCore.Database.Command[20101]
      Executed DbCommand (1ms) [Parameters=[], CommandType='Text', CommandTimeout='30']
      SELECT "p"."Id", "p"."CreatedAt", "p"."DataNascimento", "p"."DonoId", "p"."Especie", "p"."Nome", "p"."Raca", "p"."RemovedAt", "d"."Id", "d"."CreatedAt", "d"."Email", "d"."Nome", "d"."RemovedAt", "d"."Telefone", "d"."Cpf"
      FROM "Pets" AS "p"
      INNER JOIN "Donos" AS "d" ON "p"."DonoId" = "d"."Id"
      WHERE "p"."RemovedAt" IS NULL
      ORDER BY "p"."Nome"
info: Microsoft.EntityFrameworkCore.Database.Command[20101]
      Executed DbCommand (1ms) [Parameters=[], CommandType='Text', CommandTimeout='30']
      SELECT "v"."Id", "v"."CreatedAt", "v"."Crmv", "v"."Especialidade", "v"."Nome", "v"."RemovedAt"
      FROM "Veterinarios" AS "v"
      WHERE "v"."RemovedAt" IS NULL
      ORDER BY "v"."Nome"
info: Microsoft.EntityFrameworkCore.Database.Command[20101]
      Executed DbCommand (0ms) [Parameters=[], CommandType='Text', CommandTimeout='30']
      SELECT "d"."Id", "d"."CreatedAt", "d"."Email", "d"."Nome", "d"."RemovedAt", "d"."Telefone", "d"."Cpf"
      FROM "Donos" AS "d"
      WHERE "d"."RemovedAt" IS NULL
      ORDER BY "d"."Nome"
info: Microsoft.EntityFrameworkCore.Database.Command[20101]
      Executed DbCommand (0ms) [Parameters=[], CommandType='Text', CommandTimeout='30']
      SELECT "v"."Id", "v"."CreatedAt", "v"."Crmv", "v"."Especialidade", "v"."Nome", "v"."RemovedAt"
      FROM "Veterinarios" AS "v"
      WHERE "v"."RemovedAt" IS NULL
      ORDER BY "v"."Nome"
info: Microsoft.EntityFrameworkCore.Database.Command[20101]
      Executed DbCommand (0ms) [Parameters=[], CommandType='Text', CommandTimeout='30']
      SELECT "c"."Id", "c"."CreatedAt", "c"."DataHora", "c"."Motivo", "c"."PetId", "c"."RemovedAt", "c"."Status", "c"."VeterinarioId", "p"."Id", "p"."CreatedAt", "p"."DataNascimento", "p"."DonoId", "p"."Especie", "p"."Nome", "p"."Raca", "p"."RemovedAt", "v"."Id", "v"."CreatedAt", "v"."Crmv", "v"."Especialidade", "v"."Nome", "v"."RemovedAt"
      FROM "Consultas" AS "c"
      INNER JOIN "Pets" AS "p" ON "c"."PetId" = "p"."Id"
      INNER JOIN "Veterinarios" AS "v" ON "c"."VeterinarioId" = "v"."Id"
      ORDER BY "c"."DataHora"
info: Microsoft.EntityFrameworkCore.Database.Command[20101]
      Executed DbCommand (1ms) [Parameters=[], CommandType='Text', CommandTimeout='30']
      SELECT "p"."Id", "p"."CreatedAt", "p"."DataNascimento", "p"."DonoId", "p"."Especie", "p"."Nome", "p"."Raca", "p"."RemovedAt", "d"."Id", "d"."CreatedAt", "d"."Email", "d"."Nome", "d"."RemovedAt", "d"."Telefone", "d"."Cpf"
      FROM "Pets" AS "p"
      INNER JOIN "Donos" AS "d" ON "p"."DonoId" = "d"."Id"
      WHERE "p"."RemovedAt" IS NULL
      ORDER BY "p"."Nome"
info: Microsoft.EntityFrameworkCore.Database.Command[20101]
      Executed DbCommand (0ms) [Parameters=[@cpf='?' (Size = 11)], CommandType='Text', CommandTimeout='30']
      SELECT EXISTS (
          SELECT 1
          FROM "Donos" AS "d"
          WHERE "d"."Cpf" = @cpf AND "d"."RemovedAt" IS NULL)
info: Microsoft.EntityFrameworkCore.Database.Command[20101]
      Executed DbCommand (8ms) [Parameters=[@p0='?' (DbType = Guid), @p1='?' (DbType = DateTime), @p2='?' (Size = 7), @p3='?' (Size = 5), @p4='?' (DbType = DateTime), @p5='?' (Size = 11), @p6='?' (Size = 11)], CommandType='Text', CommandTimeout='30']
      INSERT INTO "Donos" ("Id", "CreatedAt", "Email", "Nome", "RemovedAt", "Telefone", "Cpf")
      VALUES (@p0, @p1, @p2, @p3, @p4, @p5, @p6);
info: Microsoft.EntityFrameworkCore.Database.Command[20101]
      Executed DbCommand (0ms) [Parameters=[], CommandType='Text', CommandTimeout='30']
      SELECT "d"."Id", "d"."CreatedAt", "d"."Email", "d"."Nome", "d"."RemovedAt", "d"."Telefone", "d"."Cpf"
      FROM "Donos" AS "d"
      WHERE "d"."RemovedAt" IS NULL
      ORDER BY "d"."Nome"
info: Microsoft.EntityFrameworkCore.Database.Command[20101]
      Executed DbCommand (0ms) [Parameters=[@id='?' (DbType = Guid)], CommandType='Text', CommandTimeout='30']
      SELECT "d"."Id", "d"."CreatedAt", "d"."Email", "d"."Nome", "d"."RemovedAt", "d"."Telefone", "d"."Cpf"
      FROM "Donos" AS "d"
      WHERE "d"."Id" = @id AND "d"."RemovedAt" IS NULL
      LIMIT 1
info: Microsoft.EntityFrameworkCore.Database.Command[20101]
      Executed DbCommand (3ms) [Parameters=[@p0='?' (DbType = Guid), @p1='?' (DbType = DateTime), @p2='?' (DbType = DateTime), @p3='?' (DbType = Guid), @p4='?' (Size = 6), @p5='?' (Size = 4), @p6='?' (Size = 6), @p7='?' (DbType = DateTime)], CommandType='Text', CommandTimeout='30']
      INSERT INTO "Pets" ("Id", "CreatedAt", "DataNascimento", "DonoId", "Especie", "Nome", "Raca", "RemovedAt")
      VALUES (@p0, @p1, @p2, @p3, @p4, @p5, @p6, @p7);
info: Microsoft.EntityFrameworkCore.Database.Command[20101]
      Executed DbCommand (0ms) [Parameters=[], CommandType='Text', CommandTimeout='30']
      SELECT "p"."Id", "p"."CreatedAt", "p"."DataNascimento", "p"."DonoId", "p"."Especie", "p"."Nome", "p"."Raca", "p"."RemovedAt", "d"."Id", "d"."CreatedAt", "d"."Email", "d"."Nome", "d"."RemovedAt", "d"."Telefone", "d"."Cpf"
      FROM "Pets" AS "p"
      INNER JOIN "Donos" AS "d" ON "p"."DonoId" = "d"."Id"
      WHERE "p"."RemovedAt" IS NULL
      ORDER BY "p"."Nome"
info: Microsoft.EntityFrameworkCore.Database.Command[20101]
      Executed DbCommand (1ms) [Parameters=[@id='?' (DbType = Guid)], CommandType='Text', CommandTimeout='30']
      SELECT "p"."Id", "p"."CreatedAt", "p"."DataNascimento", "p"."DonoId", "p"."Especie", "p"."Nome", "p"."Raca", "p"."RemovedAt", "d"."Id", "d"."CreatedAt", "d"."Email", "d"."Nome", "d"."RemovedAt", "d"."Telefone", "d"."Cpf"
      FROM "Pets" AS "p"
      INNER JOIN "Donos" AS "d" ON "p"."DonoId" = "d"."Id"
      WHERE "p"."Id" = @id AND "p"."RemovedAt" IS NULL
      LIMIT 1
info: Microsoft.EntityFrameworkCore.Database.Command[20101]
      Executed DbCommand (0ms) [Parameters=[@id='?' (DbType = Guid)], CommandType='Text', CommandTimeout='30']
      SELECT "v"."Id", "v"."CreatedAt", "v"."Crmv", "v"."Especialidade", "v"."Nome", "v"."RemovedAt"
      FROM "Veterinarios" AS "v"
      WHERE "v"."Id" = @id AND "v"."RemovedAt" IS NULL
      LIMIT 1
info: Microsoft.EntityFrameworkCore.Database.Command[20101]
      Executed DbCommand (1ms) [Parameters=[@veterinarioId='?' (DbType = Guid), @inicioJanela='?' (DbType = DateTime), @fimJanela='?' (DbType = DateTime)], CommandType='Text', CommandTimeout='30']
      SELECT EXISTS (
          SELECT 1
          FROM "Consultas" AS "c"
          WHERE "c"."VeterinarioId" = @veterinarioId AND "c"."Status" = 'Agendada' AND "c"."DataHora" > @inicioJanela AND "c"."DataHora" < @fimJanela)
info: Microsoft.EntityFrameworkCore.Database.Command[20101]
      Executed DbCommand (3ms) [Parameters=[@p0='?' (DbType = Guid), @p1='?' (DbType = DateTime), @p2='?' (DbType = DateTime), @p3='?' (Size = 7), @p4='?' (DbType = Guid), @p5='?' (DbType = DateTime), @p6='?' (Size = 8), @p7='?' (DbType = Guid)], CommandType='Text', CommandTimeout='30']
      INSERT INTO "Consultas" ("Id", "CreatedAt", "DataHora", "Motivo", "PetId", "RemovedAt", "Status", "VeterinarioId")
      VALUES (@p0, @p1, @p2, @p3, @p4, @p5, @p6, @p7);
info: Microsoft.EntityFrameworkCore.Database.Command[20101]
      Executed DbCommand (0ms) [Parameters=[], CommandType='Text', CommandTimeout='30']
      SELECT "c"."Id", "c"."CreatedAt", "c"."DataHora", "c"."Motivo", "c"."PetId", "c"."RemovedAt", "c"."Status", "c"."VeterinarioId", "p"."Id", "p"."CreatedAt", "p"."DataNascimento", "p"."DonoId", "p"."Especie", "p"."Nome", "p"."Raca", "p"."RemovedAt", "v"."Id", "v"."CreatedAt", "v"."Crmv", "v"."Especialidade", "v"."Nome", "v"."RemovedAt"
      FROM "Consultas" AS "c"
      INNER JOIN "Pets" AS "p" ON "c"."PetId" = "p"."Id"
      INNER JOIN "Veterinarios" AS "v" ON "c"."VeterinarioId" = "v"."Id"
      ORDER BY "c"."DataHora"
info: Microsoft.EntityFrameworkCore.Database.Command[20101]
      Executed DbCommand (0ms) [Parameters=[@id='?' (DbType = Guid)], CommandType='Text', CommandTimeout='30']
      SELECT "c"."Id", "c"."CreatedAt", "c"."DataHora", "c"."Motivo", "c"."PetId", "c"."RemovedAt", "c"."Status", "c"."VeterinarioId", "p"."Id", "p"."CreatedAt", "p"."DataNascimento", "p"."DonoId", "p"."Especie", "p"."Nome", "p"."Raca", "p"."RemovedAt", "v"."Id", "v"."CreatedAt", "v"."Crmv", "v"."Especialidade", "v"."Nome", "v"."RemovedAt"
      FROM "Consultas" AS "c"
      INNER JOIN "Pets" AS "p" ON "c"."PetId" = "p"."Id"
      INNER JOIN "Veterinarios" AS "v" ON "c"."VeterinarioId" = "v"."Id"
      WHERE "c"."Id" = @id
      LIMIT 1
info: Microsoft.EntityFrameworkCore.Database.Command[20101]
      Executed DbCommand (2ms) [Parameters=[@p7='?' (DbType = Guid), @p0='?' (DbType = DateTime), @p1='?' (DbType = DateTime), @p2='?' (Size = 7), @p3='?' (DbType = Guid), @p4='?' (DbType = DateTime), @p5='?' (Size = 9), @p6='?' (DbType = Guid)], CommandType='Text', CommandTimeout='30']
      UPDATE "Consultas" SET "CreatedAt" = @p0, "DataHora" = @p1, "Motivo" = @p2, "PetId" = @p3, "RemovedAt" = @p4, "Status" = @p5, "VeterinarioId" = @p6
      WHERE "Id" = @p7
      RETURNING 1;
info: Microsoft.EntityFrameworkCore.Database.Command[20101]
      Executed DbCommand (1ms) [Parameters=[], CommandType='Text', CommandTimeout='30']
      SELECT "c"."Id", "c"."CreatedAt", "c"."DataHora", "c"."Motivo", "c"."PetId", "c"."RemovedAt", "c"."Status", "c"."VeterinarioId", "p"."Id", "p"."CreatedAt", "p"."DataNascimento", "p"."DonoId", "p"."Especie", "p"."Nome", "p"."Raca", "p"."RemovedAt", "v"."Id", "v"."CreatedAt", "v"."Crmv", "v"."Especialidade", "v"."Nome", "v"."RemovedAt"
      FROM "Consultas" AS "c"
      INNER JOIN "Pets" AS "p" ON "c"."PetId" = "p"."Id"
      INNER JOIN "Veterinarios" AS "v" ON "c"."VeterinarioId" = "v"."Id"
      ORDER BY "c"."DataHora"
info: Microsoft.EntityFrameworkCore.Database.Command[20101]
      Executed DbCommand (0ms) [Parameters=[@id='?' (DbType = Guid)], CommandType='Text', CommandTimeout='30']
      SELECT "c"."Id", "c"."CreatedAt", "c"."DataHora", "c"."Motivo", "c"."PetId", "c"."RemovedAt", "c"."Status", "c"."VeterinarioId", "p"."Id", "p"."CreatedAt", "p"."DataNascimento", "p"."DonoId", "p"."Especie", "p"."Nome", "p"."Raca", "p"."RemovedAt", "v"."Id", "v"."CreatedAt", "v"."Crmv", "v"."Especialidade", "v"."Nome", "v"."RemovedAt"
      FROM "Consultas" AS "c"
      INNER JOIN "Pets" AS "p" ON "c"."PetId" = "p"."Id"
      INNER JOIN "Veterinarios" AS "v" ON "c"."VeterinarioId" = "v"."Id"
      WHERE "c"."Id" = @id
      LIMIT 1
info: Microsoft.EntityFrameworkCore.Database.Command[20101]
      Executed DbCommand (0ms) [Parameters=[@p7='?' (DbType = Guid), @p0='?' (DbType = DateTime), @p1='?' (DbType = DateTime), @p2='?' (Size = 13), @p3='?' (DbType = Guid), @p4='?' (DbType = DateTime), @p5='?' (Size = 9), @p6='?' (DbType = Guid)], CommandType='Text', CommandTimeout='30']
      UPDATE "Consultas" SET "CreatedAt" = @p0, "DataHora" = @p1, "Motivo" = @p2, "PetId" = @p3, "RemovedAt" = @p4, "Status" = @p5, "VeterinarioId" = @p6
      WHERE "Id" = @p7
      RETURNING 1;
info: Microsoft.EntityFrameworkCore.Database.Command[20101]
      Executed DbCommand (0ms) [Parameters=[], CommandType='Text', CommandTimeout='30']
      SELECT "c"."Id", "c"."CreatedAt", "c"."DataHora", "c"."Motivo", "c"."PetId", "c"."RemovedAt", "c"."Status", "c"."VeterinarioId", "p"."Id", "p"."CreatedAt", "p"."DataNascimento", "p"."DonoId", "p"."Especie", "p"."Nome", "p"."Raca", "p"."RemovedAt", "v"."Id", "v"."CreatedAt", "v"."Crmv", "v"."Especialidade", "v"."Nome", "v"."RemovedAt"
      FROM "Consultas" AS "c"
      INNER JOIN "Pets" AS "p" ON "c"."PetId" = "p"."Id"
      INNER JOIN "Veterinarios" AS "v" ON "c"."VeterinarioId" = "v"."Id"
      ORDER BY "c"."DataHora"
info: Microsoft.EntityFrameworkCore.Database.Command[20101]
      Executed DbCommand (0ms) [Parameters=[@id='?' (DbType = Guid)], CommandType='Text', CommandTimeout='30']
      SELECT "p"."Id", "p"."CreatedAt", "p"."DataNascimento", "p"."DonoId", "p"."Especie", "p"."Nome", "p"."Raca", "p"."RemovedAt", "d"."Id", "d"."CreatedAt", "d"."Email", "d"."Nome", "d"."RemovedAt", "d"."Telefone", "d"."Cpf"
      FROM "Pets" AS "p"
      INNER JOIN "Donos" AS "d" ON "p"."DonoId" = "d"."Id"
      WHERE "p"."Id" = @id AND "p"."RemovedAt" IS NULL
      LIMIT 1
info: Microsoft.EntityFrameworkCore.Database.Command[20101]
      Executed DbCommand (0ms) [Parameters=[@petId='?' (DbType = Guid)], CommandType='Text', CommandTimeout='30']
      SELECT EXISTS (
          SELECT 1
          FROM "Consultas" AS "c"
          WHERE "c"."PetId" = @petId AND "c"."Status" = 'Agendada' AND "c"."DataHora" > rtrim(rtrim(strftime('%Y-%m-%d %H:%M:%f', 'now', 'localtime'), '0'), '.'))
info: Microsoft.EntityFrameworkCore.Database.Command[20101]
      Executed DbCommand (1ms) [Parameters=[@p7='?' (DbType = Guid), @p0='?' (DbType = DateTime), @p1='?' (DbType = DateTime), @p2='?' (DbType = Guid), @p3='?' (Size = 8), @p4='?' (Size = 5), @p5='?' (Size = 8), @p6='?' (DbType = DateTime)], CommandType='Text', CommandTimeout='30']
      UPDATE "Pets" SET "CreatedAt" = @p0, "DataNascimento" = @p1, "DonoId" = @p2, "Especie" = @p3, "Nome" = @p4, "Raca" = @p5, "RemovedAt" = @p6
      WHERE "Id" = @p7
      RETURNING 1;
info: Microsoft.EntityFrameworkCore.Database.Command[20101]
      Executed DbCommand (0ms) [Parameters=[], CommandType='Text', CommandTimeout='30']
      SELECT "p"."Id", "p"."CreatedAt", "p"."DataNascimento", "p"."DonoId", "p"."Especie", "p"."Nome", "p"."Raca", "p"."RemovedAt", "d"."Id", "d"."CreatedAt", "d"."Email", "d"."Nome", "d"."RemovedAt", "d"."Telefone", "d"."Cpf"
      FROM "Pets" AS "p"
      INNER JOIN "Donos" AS "d" ON "p"."DonoId" = "d"."Id"
      WHERE "p"."RemovedAt" IS NULL
      ORDER BY "p"."Nome"
info: Microsoft.EntityFrameworkCore.Database.Command[20101]
      Executed DbCommand (1ms) [Parameters=[], CommandType='Text', CommandTimeout='30']
      SELECT "c"."Id", "c"."CreatedAt", "c"."DataHora", "c"."Motivo", "c"."PetId", "c"."RemovedAt", "c"."Status", "c"."VeterinarioId", "p"."Id", "p"."CreatedAt", "p"."DataNascimento", "p"."DonoId", "p"."Especie", "p"."Nome", "p"."Raca", "p"."RemovedAt", "v"."Id", "v"."CreatedAt", "v"."Crmv", "v"."Especialidade", "v"."Nome", "v"."RemovedAt"
      FROM "Consultas" AS "c"
      INNER JOIN "Pets" AS "p" ON "c"."PetId" = "p"."Id"
      INNER JOIN "Veterinarios" AS "v" ON "c"."VeterinarioId" = "v"."Id"
      ORDER BY "c"."DataHora"
info: Microsoft.EntityFrameworkCore.Database.Command[20101]
      Executed DbCommand (0ms) [Parameters=[], CommandType='Text', CommandTimeout='30']
      SELECT "d"."Id", "d"."CreatedAt", "d"."Email", "d"."Nome", "d"."RemovedAt", "d"."Telefone", "d"."Cpf"
      FROM "Donos" AS "d"
      WHERE "d"."RemovedAt" IS NULL
      ORDER BY "d"."Nome"
info: Microsoft.EntityFrameworkCore.Database.Command[20101]
      Executed DbCommand (4ms) [Parameters=[], CommandType='Text', CommandTimeout='30']
      SELECT "p"."Id", "p"."CreatedAt", "p"."DataNascimento", "p"."DonoId", "p"."Especie", "p"."Nome", "p"."Raca", "p"."RemovedAt", "d"."Id", "d"."CreatedAt", "d"."Email", "d"."Nome", "d"."RemovedAt", "d"."Telefone", "d"."Cpf"
      FROM "Pets" AS "p"
      INNER JOIN "Donos" AS "d" ON "p"."DonoId" = "d"."Id"
      WHERE "p"."RemovedAt" IS NULL
      ORDER BY "p"."Nome"
info: Microsoft.EntityFrameworkCore.Database.Command[20101]
      Executed DbCommand (4ms) [Parameters=[], CommandType='Text', CommandTimeout='30']
      SELECT "v"."Id", "v"."CreatedAt", "v"."Crmv", "v"."Especialidade", "v"."Nome", "v"."RemovedAt"
      FROM "Veterinarios" AS "v"
      WHERE "v"."RemovedAt" IS NULL
      ORDER BY "v"."Nome"
info: Microsoft.EntityFrameworkCore.Database.Command[20101]
      Executed DbCommand (3ms) [Parameters=[], CommandType='Text', CommandTimeout='30']
      SELECT "c"."Id", "c"."CreatedAt", "c"."DataHora", "c"."Motivo", "c"."PetId", "c"."RemovedAt", "c"."Status", "c"."VeterinarioId", "p"."Id", "p"."CreatedAt", "p"."DataNascimento", "p"."DonoId", "p"."Especie", "p"."Nome", "p"."Raca", "p"."RemovedAt", "v"."Id", "v"."CreatedAt", "v"."Crmv", "v"."Especialidade", "v"."Nome", "v"."RemovedAt"
      FROM "Consultas" AS "c"
      INNER JOIN "Pets" AS "p" ON "c"."PetId" = "p"."Id"
      INNER JOIN "Veterinarios" AS "v" ON "c"."VeterinarioId" = "v"."Id"
      ORDER BY "c"."DataHora"
info: Microsoft.EntityFrameworkCore.Database.Command[20101]
      Executed DbCommand (0ms) [Parameters=[], CommandType='Text', CommandTimeout='30']
      SELECT "d"."Id", "d"."CreatedAt", "d"."Email", "d"."Nome", "d"."RemovedAt", "d"."Telefone", "d"."Cpf"
      FROM "Donos" AS "d"
      WHERE "d"."RemovedAt" IS NULL
      ORDER BY "d"."Nome"
info: Microsoft.EntityFrameworkCore.Database.Command[20101]
      Executed DbCommand (0ms) [Parameters=[], CommandType='Text', CommandTimeout='30']
      SELECT "p"."Id", "p"."CreatedAt", "p"."DataNascimento", "p"."DonoId", "p"."Especie", "p"."Nome", "p"."Raca", "p"."RemovedAt", "d"."Id", "d"."CreatedAt", "d"."Email", "d"."Nome", "d"."RemovedAt", "d"."Telefone", "d"."Cpf"
      FROM "Pets" AS "p"
      INNER JOIN "Donos" AS "d" ON "p"."DonoId" = "d"."Id"
      WHERE "p"."RemovedAt" IS NULL
      ORDER BY "p"."Nome"
info: Microsoft.EntityFrameworkCore.Database.Command[20101]
      Executed DbCommand (0ms) [Parameters=[], CommandType='Text', CommandTimeout='30']
      SELECT "v"."Id", "v"."CreatedAt", "v"."Crmv", "v"."Especialidade", "v"."Nome", "v"."RemovedAt"
      FROM "Veterinarios" AS "v"
      WHERE "v"."RemovedAt" IS NULL
      ORDER BY "v"."Nome"
info: Microsoft.EntityFrameworkCore.Database.Command[20101]
      Executed DbCommand (0ms) [Parameters=[], CommandType='Text', CommandTimeout='30']
      SELECT "c"."Id", "c"."CreatedAt", "c"."DataHora", "c"."Motivo", "c"."PetId", "c"."RemovedAt", "c"."Status", "c"."VeterinarioId", "p"."Id", "p"."CreatedAt", "p"."DataNascimento", "p"."DonoId", "p"."Especie", "p"."Nome", "p"."Raca", "p"."RemovedAt", "v"."Id", "v"."CreatedAt", "v"."Crmv", "v"."Especialidade", "v"."Nome", "v"."RemovedAt"
      FROM "Consultas" AS "c"
      INNER JOIN "Pets" AS "p" ON "c"."PetId" = "p"."Id"
      INNER JOIN "Veterinarios" AS "v" ON "c"."VeterinarioId" = "v"."Id"
      ORDER BY "c"."DataHora"
